exports[`<Home /> matches render snapshot 1`] = `
<div
  className="css-wlbfil">
  <h1>
    MusicQ
  </h1>
  <div
    className={undefined}
    hidden={false}
    style={
      Object {
        "height": 360,
        "width": 640,
      }
    }>
    <div
      style={
        Object {
          "display": "block",
          "height": "100%",
          "width": "100%",
        }
      }>
      <div />
    </div>
  </div>
</div>
`;
