exports[`<Player /> matches rendered snapshot 1`] = `
<div>
  <br />
  <div
    className="row">
    <div
      className="eight columns offset-by-one">
      <div
        className="flex-video player">
        <div
          className={undefined}
          hidden={false}
          style={
            Object {
              "height": 360,
              "width": 640,
            }
          }>
          <div
            style={
              Object {
                "display": "block",
                "height": "100%",
                "width": "100%",
              }
            }>
            <div />
          </div>
        </div>
      </div>
    </div>
  </div>
  <div
    className="row">
    <div
      className="eight columns offset-by-one">
      <h4>
        Requests
      </h4>
    </div>
  </div>
</div>
`;
