exports[`<NowPlayingContainer /> matches rendered snapshot 1`] = `
<div>
  <br />
  <div
    className="row">
    <div
      className="eight columns offset-by-one">
      <div
        className="flex-video player">
        <div
          className={undefined}
          hidden={false}
          style={
            Object {
              "height": 360,
              "width": 640,
            }
          }>
          <div
            style={
              Object {
                "display": "block",
                "height": "100%",
                "width": "100%",
              }
            }>
            <div />
          </div>
        </div>
      </div>
    </div>
  </div>
  <div
    className="row">
    <div
      className="eight columns offset-by-one">
      <div>
        <div>
          <h4>
            Requests
          </h4>
          <ul>
            <div
              onClick={[Function]}>
              <span>
                Duke Ellington
                 - 
              </span>
              <span>
                Jeep\'s Blues
              </span>
            </div>
            <div
              onClick={[Function]}>
              <span>
                The Mustangs
                 - 
              </span>
              <span>
                Ya Mar
              </span>
            </div>
            <div
              onClick={[Function]}>
              <span>
                The Black Crowes
                 - 
              </span>
              <span>
                Gone
              </span>
            </div>
            <div
              onClick={[Function]}>
              <span>
                Grateful Dead
                 - 
              </span>
              <span>
                Franklin\'s Tower
              </span>
            </div>
          </ul>
        </div>
      </div>
    </div>
  </div>
</div>
`;
